[0m19:51:19.345369 [debug] [MainThread]: Sending event: {'category': 'dbt', 'action': 'invocation', 'label': 'start', 'context': [<snowplow_tracker.self_describing_json.SelfDescribingJson object at 0x0000018B763026B0>, <snowplow_tracker.self_describing_json.SelfDescribingJson object at 0x0000018B779ECCD0>, <snowplow_tracker.self_describing_json.SelfDescribingJson object at 0x0000018B779EF7F0>]}


============================== 19:51:19.349962 | 82d93711-c01f-4884-9c69-5e4c2e2cc468 ==============================
[0m19:51:19.349962 [info ] [MainThread]: Running with dbt=1.12.3
[0m19:51:19.350966 [debug] [MainThread]: running dbt with arguments {'maximum_seed_size_mib': '1', 'no_print': 'None', 'version_check': 'True', 'warn_error_options': 'WarnErrorOptionsV2(error=[], warn=[], silence=[])', 'target_path': 'None', 'static_parser': 'True', 'printer_width': '80', 'write_json': 'True', 'introspect': 'True', 'log_cache_events': 'False', 'empty': 'None', 'cache_selected_only': 'False', 'fail_fast': 'False', 'debug': 'False', 'log_format': 'default', 'profiles_dir': '../', 'send_anonymous_usage_stats': 'True', 'quiet': 'False', 'warn_error': 'None', 'partial_parse': 'True', 'invocation_command': 'dbt init', 'hints_enabled': 'True', 'indirect_selection': 'eager', 'use_experimental_parser': 'False', 'use_colors': 'True', 'log_path': 'logs'}
[0m19:51:28.116458 [info ] [MainThread]: A project called dw_commodities already exists here.
[0m19:51:28.118612 [debug] [MainThread]: Command `dbt init` succeeded at 19:51:28.118612 after 8.94 seconds
[0m19:51:28.119594 [debug] [MainThread]: Sending event: {'category': 'dbt', 'action': 'invocation', 'label': 'end', 'context': [<snowplow_tracker.self_describing_json.SelfDescribingJson object at 0x0000018B763026B0>, <snowplow_tracker.self_describing_json.SelfDescribingJson object at 0x0000018B76655F00>, <snowplow_tracker.self_describing_json.SelfDescribingJson object at 0x0000018B779EDA50>]}
[0m19:51:28.120516 [debug] [MainThread]: Flushing usage events
[0m19:51:28.715044 [debug] [MainThread]: An error was encountered while trying to flush usage events
[0m19:51:43.078094 [debug] [MainThread]: Sending event: {'category': 'dbt', 'action': 'invocation', 'label': 'start', 'context': [<snowplow_tracker.self_describing_json.SelfDescribingJson object at 0x000001D12FC326E0>, <snowplow_tracker.self_describing_json.SelfDescribingJson object at 0x000001D131415F30>, <snowplow_tracker.self_describing_json.SelfDescribingJson object at 0x000001D131415D20>]}


============================== 19:51:43.082092 | 08ecb812-bf5c-4c13-af66-0ec71231d466 ==============================
[0m19:51:43.082092 [info ] [MainThread]: Running with dbt=1.12.3
[0m19:51:43.083176 [debug] [MainThread]: running dbt with arguments {'maximum_seed_size_mib': '1', 'no_print': 'None', 'static_parser': 'True', 'warn_error_options': 'WarnErrorOptionsV2(error=[], warn=[], silence=[])', 'version_check': 'True', 'target_path': 'None', 'printer_width': '80', 'write_json': 'True', 'empty': 'None', 'log_cache_events': 'False', 'introspect': 'True', 'cache_selected_only': 'False', 'log_format': 'default', 'debug': 'False', 'fail_fast': 'False', 'partial_parse': 'True', 'send_anonymous_usage_stats': 'True', 'quiet': 'False', 'warn_error': 'None', 'profiles_dir': '../', 'invocation_command': 'dbt init', 'hints_enabled': 'True', 'use_colors': 'True', 'use_experimental_parser': 'False', 'indirect_selection': 'eager', 'log_path': 'logs'}
[0m19:51:47.516925 [debug] [MainThread]: Starter project path: C:\Users\evell\commodities-datawarehouse\.venv\lib\site-packages\dbt\include\starter_project
[0m19:51:47.561938 [info ] [MainThread]: Setting up your profile.
[0m19:53:07.417165 [info ] [MainThread]: Profile dw_commodities written to ..\profiles.yml using target's profile_template.yml and your supplied values.
[0m19:53:07.437386 [info ] [MainThread]: Running dbt debug to validate the project...
[0m19:53:07.437386 [info ] [MainThread]: dbt version: 1.12.3
[0m19:53:07.437386 [info ] [MainThread]: python version: 3.10.6
[0m19:53:07.437386 [info ] [MainThread]: python path: C:\Users\evell\commodities-datawarehouse\.venv\Scripts\python.exe
[0m19:53:07.437386 [info ] [MainThread]: os info: Windows-10-10.0.26200-SP0
[0m19:53:07.505631 [info ] [MainThread]: Using profiles dir at ../
[0m19:53:07.506665 [info ] [MainThread]: Using profiles.yml file at ../profiles.yml
[0m19:53:07.507258 [info ] [MainThread]: Using dbt_project.yml file at C:\Users\evell\commodities-datawarehouse\dw_commodities\dbt_project.yml
[0m19:53:07.509261 [info ] [MainThread]: adapter type: postgres
[0m19:53:07.509261 [info ] [MainThread]: adapter version: 1.11.0
[0m19:53:07.781994 [info ] [MainThread]: Configuration:
[0m19:53:07.781994 [info ] [MainThread]:   profiles.yml file [[32mOK found and valid[0m]
[0m19:53:07.781994 [info ] [MainThread]:   dbt_project.yml file [[32mOK found and valid[0m]
[0m19:53:07.786819 [info ] [MainThread]: Required dependencies:
[0m19:53:07.786819 [debug] [MainThread]: Executing "git --help"
[0m19:53:07.826844 [debug] [MainThread]: STDOUT: "b"usage: git [-v | --version] [-h | --help] [-C <path>] [-c <name>=<value>]\n           [--exec-path[=<path>]] [--html-path] [--man-path] [--info-path]\n           [-p | --paginate | -P | --no-pager] [--no-replace-objects] [--bare]\n           [--git-dir=<path>] [--work-tree=<path>] [--namespace=<name>]\n           [--super-prefix=<path>] [--config-env=<name>=<envvar>]\n           <command> [<args>]\n\nThese are common Git commands used in various situations:\n\nstart a working area (see also: git help tutorial)\n   clone     Clone a repository into a new directory\n   init      Create an empty Git repository or reinitialize an existing one\n\nwork on the current change (see also: git help everyday)\n   add       Add file contents to the index\n   mv        Move or rename a file, a directory, or a symlink\n   restore   Restore working tree files\n   rm        Remove files from the working tree and from the index\n\nexamine the history and state (see also: git help revisions)\n   bisect    Use binary search to find the commit that introduced a bug\n   diff      Show changes between commits, commit and working tree, etc\n   grep      Print lines matching a pattern\n   log       Show commit logs\n   show      Show various types of objects\n   status    Show the working tree status\n\ngrow, mark and tweak your common history\n   branch    List, create, or delete branches\n   commit    Record changes to the repository\n   merge     Join two or more development histories together\n   rebase    Reapply commits on top of another base tip\n   reset     Reset current HEAD to the specified state\n   switch    Switch branches\n   tag       Create, list, delete or verify a tag object signed with GPG\n\ncollaborate (see also: git help workflows)\n   fetch     Download objects and refs from another repository\n   pull      Fetch from and integrate with another repository or a local branch\n   push      Update remote refs along with associated objects\n\n'git help -a' and 'git help -g' list available subcommands and some\nconcept guides. See 'git help <command>' or 'git help <concept>'\nto read about a specific subcommand or concept.\nSee 'git help git' for an overview of the system.\n""
[0m19:53:07.832875 [debug] [MainThread]: STDERR: "b''"
[0m19:53:07.832875 [info ] [MainThread]:  - git [[32mOK found[0m]

[0m19:53:07.832875 [info ] [MainThread]: Connection:
[0m19:53:07.832875 [info ] [MainThread]:   host: dpg-da70i0ifngtc73bthrig-a.ohio-postgres.render.com
[0m19:53:07.832875 [info ] [MainThread]:   port: 5432
[0m19:53:07.832875 [info ] [MainThread]:   user: postgres123
[0m19:53:07.837091 [info ] [MainThread]:   database: databasesales_8qy0
[0m19:53:07.837091 [info ] [MainThread]:   schema: public
[0m19:53:07.837091 [info ] [MainThread]:   connect_timeout: 10
[0m19:53:07.837091 [info ] [MainThread]:   role: None
[0m19:53:07.842100 [info ] [MainThread]:   search_path: None
[0m19:53:07.842100 [info ] [MainThread]:   keepalives_idle: 0
[0m19:53:07.843110 [info ] [MainThread]:   sslmode: None
[0m19:53:07.844107 [info ] [MainThread]:   sslcert: None
[0m19:53:07.844107 [info ] [MainThread]:   sslkey: None
[0m19:53:07.845088 [info ] [MainThread]:   sslrootcert: None
[0m19:53:07.845088 [info ] [MainThread]:   application_name: dbt
[0m19:53:07.846599 [info ] [MainThread]:   autocommit: False
[0m19:53:07.846599 [info ] [MainThread]:   retries: 1
[0m19:53:07.846599 [info ] [MainThread]: Registered adapter: postgres=1.11.0
[0m19:53:08.316958 [debug] [MainThread]: Acquiring new postgres connection 'debug'
[0m19:53:12.065079 [debug] [MainThread]: Using postgres connection "debug"
[0m19:53:12.065079 [debug] [MainThread]: On debug: select 1 as id
[0m19:53:12.066585 [debug] [MainThread]: Opening a new connection, currently in state init
[0m19:53:13.689838 [debug] [MainThread]: SQL status: SELECT 1 in 1.624 seconds
[0m19:53:13.689838 [debug] [MainThread]: On debug: Close
[0m19:53:13.705644 [info ] [MainThread]:   Connection test: [[32mOK connection ok[0m]

[0m19:53:13.707680 [info ] [MainThread]: [32mAll checks passed![0m
[0m19:53:13.707680 [info ] [MainThread]: Your new dbt project "dw_commodities" was created!
Initialized new project in C:\Users\evell\commodities-datawarehouse\dw_commodities\dw_commodities

For more information on how to configure the profiles.yml file,
please consult the dbt documentation here:

  https://docs.getdbt.com/docs/configure-your-profile

One more thing:

Need help? Don't hesitate to reach out to us via GitHub issues or on Slack:

  https://community.getdbt.com/

Happy modeling!

[0m19:53:13.707680 [debug] [MainThread]: Command `dbt init` succeeded at 19:53:13.707680 after 90.75 seconds
[0m19:53:13.707680 [debug] [MainThread]: Connection 'debug' was properly closed.
[0m19:53:13.707680 [debug] [MainThread]: Sending event: {'category': 'dbt', 'action': 'invocation', 'label': 'end', 'context': [<snowplow_tracker.self_describing_json.SelfDescribingJson object at 0x000001D12FC326E0>, <snowplow_tracker.self_describing_json.SelfDescribingJson object at 0x000001D131415CC0>, <snowplow_tracker.self_describing_json.SelfDescribingJson object at 0x000001D13263A350>]}
[0m19:53:13.707680 [debug] [MainThread]: Flushing usage events
[0m19:53:14.294347 [debug] [MainThread]: An error was encountered while trying to flush usage events
[0m19:11:34.650032 [debug] [MainThread]: Sending event: {'category': 'dbt', 'action': 'invocation', 'label': 'start', 'context': [<snowplow_tracker.self_describing_json.SelfDescribingJson object at 0x000002B1B4A0E710>, <snowplow_tracker.self_describing_json.SelfDescribingJson object at 0x000002B1B623B4C0>, <snowplow_tracker.self_describing_json.SelfDescribingJson object at 0x000002B1B623B2B0>]}


============================== 19:11:34.660080 | b49369e6-dd09-43e5-9490-309f432e79a4 ==============================
[0m19:11:34.660080 [info ] [MainThread]: Running with dbt=1.12.3
[0m19:11:34.662529 [debug] [MainThread]: running dbt with arguments {'static_parser': 'True', 'no_print': 'None', 'version_check': 'True', 'warn_error_options': 'WarnErrorOptionsV2(error=[], warn=[], silence=[])', 'target_path': 'None', 'maximum_seed_size_mib': '1', 'printer_width': '80', 'write_json': 'True', 'empty': 'False', 'log_cache_events': 'False', 'introspect': 'True', 'cache_selected_only': 'False', 'log_format': 'default', 'debug': 'False', 'fail_fast': 'False', 'profiles_dir': '../', 'send_anonymous_usage_stats': 'True', 'quiet': 'False', 'warn_error': 'None', 'partial_parse': 'True', 'invocation_command': 'dbt run', 'hints_enabled': 'True', 'use_colors': 'True', 'use_experimental_parser': 'False', 'indirect_selection': 'eager', 'log_path': 'logs'}
[0m19:11:34.664514 [error] [MainThread]: [[31mERROR[0m]: Encountered an error:
Runtime Error
  No dbt_project.yml found at expected path C:\Users\evell\commodities-datawarehouse\dbt_project.yml
  Verify that each entry within packages.yml (and their transitive dependencies) contains a file named dbt_project.yml
  
[0m19:11:34.665876 [debug] [MainThread]: Command `dbt run` failed at 19:11:34.665876 after 0.37 seconds
[0m19:11:34.665876 [debug] [MainThread]: Sending event: {'category': 'dbt', 'action': 'invocation', 'label': 'end', 'context': [<snowplow_tracker.self_describing_json.SelfDescribingJson object at 0x000002B1B4A0E710>, <snowplow_tracker.self_describing_json.SelfDescribingJson object at 0x000002B1B623B250>, <snowplow_tracker.self_describing_json.SelfDescribingJson object at 0x000002B1B623B2B0>]}
[0m19:11:34.670157 [debug] [MainThread]: Flushing usage events
[0m19:11:35.420711 [debug] [MainThread]: An error was encountered while trying to flush usage events
[0m20:04:15.453415 [debug] [MainThread]: Sending event: {'category': 'dbt', 'action': 'invocation', 'label': 'start', 'context': [<snowplow_tracker.self_describing_json.SelfDescribingJson object at 0x000001C0F4FF2650>, <snowplow_tracker.self_describing_json.SelfDescribingJson object at 0x000001C0F681B220>, <snowplow_tracker.self_describing_json.SelfDescribingJson object at 0x000001C0F681B010>]}


============================== 20:04:15.464404 | 5d8dd9b5-a789-427a-a667-9d6925d7675a ==============================
[0m20:04:15.464404 [info ] [MainThread]: Running with dbt=1.12.3
[0m20:04:15.466392 [debug] [MainThread]: running dbt with arguments {'maximum_seed_size_mib': '1', 'no_print': 'None', 'version_check': 'True', 'target_path': 'None', 'static_parser': 'True', 'warn_error_options': 'WarnErrorOptionsV2(error=[], warn=[], silence=[])', 'printer_width': '80', 'write_json': 'True', 'introspect': 'True', 'log_cache_events': 'False', 'empty': 'False', 'cache_selected_only': 'False', 'fail_fast': 'False', 'debug': 'False', 'log_format': 'default', 'profiles_dir': '../', 'send_anonymous_usage_stats': 'True', 'quiet': 'False', 'warn_error': 'None', 'partial_parse': 'True', 'invocation_command': 'dbt run', 'hints_enabled': 'True', 'indirect_selection': 'eager', 'use_experimental_parser': 'False', 'use_colors': 'True', 'log_path': 'logs'}
[0m20:04:15.466392 [error] [MainThread]: [[31mERROR[0m]: Encountered an error:
Runtime Error
  No dbt_project.yml found at expected path C:\Users\evell\commodities-datawarehouse\dbt_project.yml
  Verify that each entry within packages.yml (and their transitive dependencies) contains a file named dbt_project.yml
  
[0m20:04:15.466392 [debug] [MainThread]: Command `dbt run` failed at 20:04:15.466392 after 0.19 seconds
[0m20:04:15.466392 [debug] [MainThread]: Sending event: {'category': 'dbt', 'action': 'invocation', 'label': 'end', 'context': [<snowplow_tracker.self_describing_json.SelfDescribingJson object at 0x000001C0F4FF2650>, <snowplow_tracker.self_describing_json.SelfDescribingJson object at 0x000001C0F681B310>, <snowplow_tracker.self_describing_json.SelfDescribingJson object at 0x000001C0F681B2E0>]}
[0m20:04:15.466392 [debug] [MainThread]: Flushing usage events
[0m20:04:16.185430 [debug] [MainThread]: An error was encountered while trying to flush usage events
[0m20:09:03.038410 [debug] [MainThread]: Sending event: {'category': 'dbt', 'action': 'invocation', 'label': 'start', 'context': [<snowplow_tracker.self_describing_json.SelfDescribingJson object at 0x00000120681226E0>, <snowplow_tracker.self_describing_json.SelfDescribingJson object at 0x000001206994B2E0>, <snowplow_tracker.self_describing_json.SelfDescribingJson object at 0x000001206994B0D0>]}


============================== 20:09:03.044636 | 180efea3-5a08-40a9-87ea-ccb4c90c3736 ==============================
[0m20:09:03.044636 [info ] [MainThread]: Running with dbt=1.12.3
[0m20:09:03.049058 [debug] [MainThread]: running dbt with arguments {'version_check': 'True', 'no_print': 'None', 'static_parser': 'True', 'warn_error_options': 'WarnErrorOptionsV2(error=[], warn=[], silence=[])', 'target_path': 'None', 'maximum_seed_size_mib': '1', 'printer_width': '80', 'write_json': 'True', 'introspect': 'True', 'log_cache_events': 'False', 'empty': 'False', 'cache_selected_only': 'False', 'fail_fast': 'False', 'debug': 'False', 'log_format': 'default', 'partial_parse': 'True', 'send_anonymous_usage_stats': 'True', 'quiet': 'False', 'warn_error': 'None', 'profiles_dir': '../', 'use_colors': 'True', 'hints_enabled': 'True', 'invocation_command': 'dbt run', 'use_experimental_parser': 'False', 'indirect_selection': 'eager', 'log_path': 'logs'}
[0m20:09:03.051225 [error] [MainThread]: [[31mERROR[0m]: Encountered an error:
Runtime Error
  No dbt_project.yml found at expected path C:\Users\evell\commodities-datawarehouse\dbt_project.yml
  Verify that each entry within packages.yml (and their transitive dependencies) contains a file named dbt_project.yml
  
[0m20:09:03.055242 [debug] [MainThread]: Command `dbt run` failed at 20:09:03.053234 after 0.27 seconds
[0m20:09:03.055242 [debug] [MainThread]: Sending event: {'category': 'dbt', 'action': 'invocation', 'label': 'end', 'context': [<snowplow_tracker.self_describing_json.SelfDescribingJson object at 0x00000120681226E0>, <snowplow_tracker.self_describing_json.SelfDescribingJson object at 0x000001206994B3D0>, <snowplow_tracker.self_describing_json.SelfDescribingJson object at 0x000001206994B3A0>]}
[0m20:09:03.055242 [debug] [MainThread]: Flushing usage events
[0m20:09:03.928802 [debug] [MainThread]: An error was encountered while trying to flush usage events
